13:01:50 **** Incremental Build of configuration Debug for project 7_uart_modular ****
make -j12 all 
arm-none-eabi-gcc -mcpu=cortex-m4 -g3 -c -x assembler-with-cpp -MMD -MP -MF"Startup/startup_stm32f411retx.d" -MT"Startup/startup_stm32f411retx.o" --specs=nano.specs -mfpu=fpv4-sp-d16 -mfloat-abi=hard -mthumb -o "Startup/startup_stm32f411retx.o" "../Startup/startup_stm32f411retx.s"
arm-none-eabi-gcc "../Src/main.c" -mcpu=cortex-m4 -std=gnu11 -g3 -DSTM32 -DSTM32F4 -DSTM32F411RETx -DDEBUG -DSTM32F411xE -c -I../Inc -I"D:/STM32F4-BareMetal_Workspace/7_uart_modular/Drivers/CMSIS/Device/ST/STM32F4xx/Include" -I"D:/STM32F4-BareMetal_Workspace/7_uart_modular/Drivers/CMSIS/Include" -O0 -ffunction-sections -fdata-sections -Wall -fstack-usage -MMD -MP -MF"Src/main.d" -MT"Src/main.o" --specs=nano.specs -mfpu=fpv4-sp-d16 -mfloat-abi=hard -mthumb -o "Src/main.o"
arm-none-eabi-gcc "../Src/syscalls.c" -mcpu=cortex-m4 -std=gnu11 -g3 -DSTM32 -DSTM32F4 -DSTM32F411RETx -DDEBUG -DSTM32F411xE -c -I../Inc -I"D:/STM32F4-BareMetal_Workspace/7_uart_modular/Drivers/CMSIS/Device/ST/STM32F4xx/Include" -I"D:/STM32F4-BareMetal_Workspace/7_uart_modular/Drivers/CMSIS/Include" -O0 -ffunction-sections -fdata-sections -Wall -fstack-usage -MMD -MP -MF"Src/syscalls.d" -MT"Src/syscalls.o" --specs=nano.specs -mfpu=fpv4-sp-d16 -mfloat-abi=hard -mthumb -o "Src/syscalls.o"
arm-none-eabi-gcc "../Src/sysmem.c" -mcpu=cortex-m4 -std=gnu11 -g3 -DSTM32 -DSTM32F4 -DSTM32F411RETx -DDEBUG -DSTM32F411xE -c -I../Inc -I"D:/STM32F4-BareMetal_Workspace/7_uart_modular/Drivers/CMSIS/Device/ST/STM32F4xx/Include" -I"D:/STM32F4-BareMetal_Workspace/7_uart_modular/Drivers/CMSIS/Include" -O0 -ffunction-sections -fdata-sections -Wall -fstack-usage -MMD -MP -MF"Src/sysmem.d" -MT"Src/sysmem.o" --specs=nano.specs -mfpu=fpv4-sp-d16 -mfloat-abi=hard -mthumb -o "Src/sysmem.o"
arm-none-eabi-gcc "../Src/uart.c" -mcpu=cortex-m4 -std=gnu11 -g3 -DSTM32 -DSTM32F4 -DSTM32F411RETx -DDEBUG -DSTM32F411xE -c -I../Inc -I"D:/STM32F4-BareMetal_Workspace/7_uart_modular/Drivers/CMSIS/Device/ST/STM32F4xx/Include" -I"D:/STM32F4-BareMetal_Workspace/7_uart_modular/Drivers/CMSIS/Include" -O0 -ffunction-sections -fdata-sections -Wall -fstack-usage -MMD -MP -MF"Src/uart.d" -MT"Src/uart.o" --specs=nano.specs -mfpu=fpv4-sp-d16 -mfloat-abi=hard -mthumb -o "Src/uart.o"
arm-none-eabi-gcc -o "7_uart_modular.elf" @"objects.list"   -mcpu=cortex-m4 -T"D:\STM32F4-BareMetal_Workspace\7_uart_modular\STM32F411RETX_FLASH.ld" --specs=nosys.specs -Wl,-Map="7_uart_modular.map" -Wl,--gc-sections -static --specs=nano.specs -mfpu=fpv4-sp-d16 -mfloat-abi=hard -mthumb -Wl,--start-group -lc -lm -Wl,--end-group
Finished building target: 7_uart_modular.elf
 
arm-none-eabi-size   7_uart_modular.elf 
arm-none-eabi-objdump -h -S  7_uart_modular.elf  > "7_uart_modular.list"
   text	   data	    bss	    dec	    hex	filename
   5540	    108	   1588	   7236	   1c44	7_uart_modular.elf
Finished building: default.size.stdout
 
Finished building: 7_uart_modular.list
 

13:01:51 Build Finished. 0 errors, 0 warnings. (took 477ms)

